mvn : WARNING: A 
restricted method in 
java.lang.System has 
been called
At line:1 char:1
+ mvn clean compile 
> build_errors.txt 
2>&1
+ ~~~~~~~~~~~~~~~~~~~
~~~~~~~~~~~~~~~~~~~~~
~
    + CategoryInfo   
           : NotSpe  
  cified: (WARNING   
 : A rest...has b    
een called:Strin    
g) [], RemoteExc    
eption
    + FullyQualified 
   ErrorId : Native  
  CommandError
 
WARNING: java.lang.Sy
stem::load has been 
called by org.fusesou
rce.jansi.internal.Ja
nsiLoader in an 
unnamed module (file:
/C:/Users/lenovo/apac
he-maven-3.9.5/lib/ja
nsi-2.4.0.jar)
WARNING: Use --enable
-native-access=ALL-UN
NAMED to avoid a 
warning for callers 
in this module
WARNING: Restricted 
methods will be 
blocked in a future 
release unless 
native access is 
enabled

WARNING: A 
terminally 
deprecated method in 
sun.misc.Unsafe has 
been called
WARNING: sun.misc.Uns
afe::objectFieldOffse
t has been called by 
com.google.common.uti
l.concurrent.Abstract
Future$UnsafeAtomicHe
lper (file:/C:/Users/
lenovo/apache-maven-3
.9.5/lib/guava-32.0.1
-jre.jar)
WARNING: Please 
consider reporting 
this to the 
maintainers of class 
com.google.common.uti
l.concurrent.Abstract
Future$UnsafeAtomicHe
lper
WARNING: sun.misc.Uns
afe::objectFieldOffse
t will be removed in 
a future release
[INFO] Scanning for projects...
[INFO] 
[INFO] -------------------------< DonasiKu:Donasiku >--------------------------
[INFO] Building donasiku-backend 0.0.1-SNAPSHOT
[INFO]   from pom.xml
[INFO] --------------------------------[ jar ]---------------------------------
[INFO] 
[INFO] --- clean:3.5.0:clean (default-clean) @ Donasiku ---
[INFO] Deleting D:\DONASIKU-PBO\backend\target
[INFO] 
[INFO] --- resources:3.3.1:resources (default-resources) @ Donasiku ---
[INFO] Copying 1 resource from src\main\resources to target\classes
[INFO] Copying 1 resource from src\main\resources to target\classes
[INFO] 
[INFO] --- compiler:3.14.1:compile (default-compile) @ Donasiku ---
[INFO] Recompiling the module because of changed source code.
[INFO] Compiling 44 source files with javac [debug parameters release 21] to target\classes
[INFO] -------------------------------------------------------------
[ERROR] COMPILATION ERROR : 
[INFO] -------------------------------------------------------------
[ERROR] /D:/DONASIKU-PBO/backend/src/main/java/Donasiku/spring/core/service/DonasiService.java:[32,30] cannot find symbol
  symbol:   method setAlamat(java.lang.String)
  location: variable newLokasi of type Donasiku.spring.core.entity.Lokasi
[ERROR] /D:/DONASIKU-PBO/backend/src/main/java/Donasiku/spring/core/service/DonasiService.java:[33,30] cannot find symbol
  symbol:   method setNamaLokasi(java.lang.String)
  location: variable newLokasi of type Donasiku.spring.core.entity.Lokasi
[INFO] 2 errors 
[INFO] -------------------------------------------------------------
[INFO] ------------------------------------------------------------------------
[INFO] BUILD FAILURE
[INFO] ------------------------------------------------------------------------
[INFO] Total time:  7.611 s
[INFO] Finished at: 2025-12-18T06:06:29+07:00
[INFO] ------------------------------------------------------------------------
[ERROR] Failed to execute goal org.apache.maven.plugins:maven-compiler-plugin:3.14.1:compile (default-compile) on project Donasiku: Compilation failure: Compilation failure: 
[ERROR] /D:/DONASIKU-PBO/backend/src/main/java/Donasiku/spring/core/service/DonasiService.java:[32,30] cannot find symbol
[ERROR]   symbol:   method setAlamat(java.lang.String)
[ERROR]   location: variable newLokasi of type Donasiku.spring.core.entity.Lokasi
[ERROR] /D:/DONASIKU-PBO/backend/src/main/java/Donasiku/spring/core/service/DonasiService.java:[33,30] cannot find symbol
[ERROR]   symbol:   method setNamaLokasi(java.lang.String)
[ERROR]   location: variable newLokasi of type Donasiku.spring.core.entity.Lokasi
[ERROR] -> [Help 1]
[ERROR] 
[ERROR] To see the full stack trace of the errors, re-run Maven with the -e switch.
[ERROR] Re-run Maven using the -X switch to enable full debug logging.
[ERROR] 
[ERROR] For more information about the errors and possible solutions, please read the following articles:
[ERROR] [Help 1] http://cwiki.apache.org/confluence/display/MAVEN/MojoFailureException
